2026-09-28 19:04:52,858 fitprompt plan: [('F', 0), ('F', 1), ('F', 2)]
Loading weights:   0%|          | 0/4498 [00:00<?, ?it/s]Loading weights:   0%|          | 18/4498 [00:00<03:03, 24.40it/s]Loading weights:   1%|          | 37/4498 [00:00<01:29, 49.72it/s]Loading weights:  15%|█▍        | 662/4498 [00:00<00:03, 1187.22it/s]Loading weights:  29%|██▉       | 1309/4498 [00:01<00:01, 2283.64it/s]Loading weights:  43%|████▎     | 1954/4498 [00:01<00:00, 3235.89it/s]Loading weights:  58%|█████▊    | 2602/4498 [00:01<00:00, 4033.81it/s]Loading weights:  72%|███████▏  | 3256/4498 [00:01<00:00, 4683.99it/s]Loading weights:  91%|█████████ | 4073/4498 [00:01<00:00, 5628.23it/s]Loading weights: 100%|██████████| 4498/4498 [00:01<00:00, 2994.32it/s]
[transformers] [1mEsmForProteinFolding LOAD REPORT[0m from: facebook/esmfold_v1
Key                                | Status  | 
-----------------------------------+---------+-
esm.contact_head.regression.bias   | MISSING | 
esm.contact_head.regression.weight | MISSING | 

Notes:
- MISSING:	those params were newly initialized because missing from the checkpoint. Consider training on your downstream task.
2026-09-28 19:05:04,638 fitprompt === F seed 0 attempt 1 ===
2026-09-28 19:06:26,367 fitprompt F seed 0 gen  0 best=0.3006 mean=0.2474 distinct=16 hits=0 div=50.3
2026-09-28 19:08:01,738 fitprompt F seed 0 gen  1 best=0.3424 mean=0.2745 distinct=30 hits=2 div=42.2
2026-09-28 19:09:48,714 fitprompt F seed 0 gen  2 best=0.3430 mean=0.2905 distinct=44 hits=4 div=40.8
2026-09-28 19:11:53,475 fitprompt F seed 0 gen  3 best=0.3430 mean=0.2744 distinct=58 hits=6 div=32.1
2026-09-28 19:14:19,546 fitprompt F seed 0 gen  4 best=0.3430 mean=0.2852 distinct=72 hits=8 div=31.9
2026-09-28 19:16:59,700 fitprompt F seed 0 gen  5 best=0.3476 mean=0.3041 distinct=86 hits=10 div=31.8
2026-09-28 19:19:14,435 fitprompt F seed 0 gen  6 best=0.3476 mean=0.2709 distinct=100 hits=12 div=32.1
2026-09-28 19:21:55,450 fitprompt F seed 0 gen  7 best=0.3476 mean=0.2948 distinct=114 hits=14 div=23.4
2026-09-28 19:24:34,852 fitprompt F seed 0 gen  8 best=0.3476 mean=0.2920 distinct=128 hits=16 div=18.4
2026-09-28 19:27:16,574 fitprompt F seed 0 gen  9 best=0.3476 mean=0.2983 distinct=142 hits=18 div=12.4
2026-09-28 19:29:40,940 fitprompt F seed 0 gen 10 best=0.3476 mean=0.3071 distinct=156 hits=20 div=9.3
2026-09-28 19:32:27,616 fitprompt F seed 0 gen 11 best=0.3476 mean=0.3067 distinct=170 hits=22 div=7.8
2026-09-28 19:35:17,460 fitprompt F seed 0 gen 12 best=0.3476 mean=0.3092 distinct=184 hits=24 div=6.6
2026-09-28 19:38:12,515 fitprompt F seed 0 gen 13 best=0.3578 mean=0.3091 distinct=198 hits=26 div=7.0
2026-09-28 19:41:03,547 fitprompt F seed 0 gen 14 best=0.3578 mean=0.3127 distinct=212 hits=28 div=6.8
2026-09-28 19:43:48,535 fitprompt F seed 0 gen 15 best=0.3601 mean=0.3077 distinct=225 hits=31 div=7.6
2026-09-28 19:47:03,040 fitprompt F seed 0 gen 16 best=0.3630 mean=0.3202 distinct=239 hits=33 div=8.1
2026-09-28 19:49:53,839 fitprompt F seed 0 gen 17 best=0.3630 mean=0.3331 distinct=253 hits=35 div=8.4
2026-09-28 19:52:41,351 fitprompt F seed 0 gen 18 best=0.3720 mean=0.3312 distinct=267 hits=37 div=9.3
2026-09-28 19:53:16,243 fitprompt F seed 0 gen 19 best=0.3739 mean=0.3207 distinct=281 hits=39 div=8.4
2026-09-28 19:59:27,111 fitprompt F seed 0 done: best=0.3739 distinct=281 measurement folds=173 (369s) ref_match=None
2026-09-28 19:59:27,209 fitprompt === F seed 1 attempt 1 ===
2026-09-28 20:02:26,335 fitprompt F seed 1 gen  0 best=0.2959 mean=0.2359 distinct=16 hits=0 div=50.5
2026-09-28 20:05:14,703 fitprompt F seed 1 gen  1 best=0.3033 mean=0.2473 distinct=30 hits=2 div=48.5
2026-09-28 20:07:47,387 fitprompt F seed 1 gen  2 best=0.3152 mean=0.2724 distinct=44 hits=4 div=42.2
2026-09-28 20:10:30,259 fitprompt F seed 1 gen  3 best=0.3970 mean=0.2991 distinct=58 hits=6 div=34.9
2026-09-28 20:13:11,706 fitprompt F seed 1 gen  4 best=0.3970 mean=0.3018 distinct=72 hits=8 div=37.6
2026-09-28 20:16:00,543 fitprompt F seed 1 gen  5 best=0.3970 mean=0.3162 distinct=86 hits=10 div=30.1
2026-09-28 20:18:47,914 fitprompt F seed 1 gen  6 best=0.4036 mean=0.3211 distinct=100 hits=12 div=27.6
2026-09-28 20:21:22,509 fitprompt F seed 1 gen  7 best=0.4036 mean=0.3156 distinct=114 hits=14 div=29.9
2026-09-28 20:24:11,807 fitprompt F seed 1 gen  8 best=0.4036 mean=0.3220 distinct=128 hits=16 div=25.8
2026-09-28 20:26:47,606 fitprompt F seed 1 gen  9 best=0.4036 mean=0.3334 distinct=142 hits=18 div=18.5
2026-09-28 20:29:32,573 fitprompt F seed 1 gen 10 best=0.4036 mean=0.3083 distinct=156 hits=20 div=14.0
2026-09-28 20:32:24,107 fitprompt F seed 1 gen 11 best=0.4036 mean=0.3161 distinct=170 hits=22 div=15.6
2026-09-28 20:34:59,547 fitprompt F seed 1 gen 12 best=0.4036 mean=0.3320 distinct=184 hits=24 div=10.6
2026-09-28 20:37:44,732 fitprompt F seed 1 gen 13 best=0.4044 mean=0.3321 distinct=198 hits=26 div=12.1
2026-09-28 20:40:26,093 fitprompt F seed 1 gen 14 best=0.4044 mean=0.3221 distinct=212 hits=28 div=9.5
2026-09-28 20:43:09,983 fitprompt F seed 1 gen 15 best=0.4044 mean=0.3586 distinct=226 hits=30 div=10.0
2026-09-28 20:45:53,366 fitprompt F seed 1 gen 16 best=0.4044 mean=0.3428 distinct=240 hits=32 div=10.9
2026-09-28 20:48:27,505 fitprompt F seed 1 gen 17 best=0.4116 mean=0.3404 distinct=254 hits=34 div=9.7
2026-09-28 20:51:06,122 fitprompt F seed 1 gen 18 best=0.4116 mean=0.3534 distinct=268 hits=36 div=9.2
2026-09-28 20:51:41,729 fitprompt F seed 1 gen 19 best=0.4116 mean=0.3342 distinct=282 hits=38 div=9.6
2026-09-28 20:59:15,089 fitprompt F seed 1 done: best=0.4116 distinct=282 measurement folds=206 (451s) ref_match=None
2026-09-28 20:59:15,174 fitprompt === F seed 2 attempt 1 ===
2026-09-28 21:01:38,766 fitprompt F seed 2 gen  0 best=0.3353 mean=0.2334 distinct=16 hits=0 div=53.0
2026-09-28 21:04:23,652 fitprompt F seed 2 gen  1 best=0.3353 mean=0.2591 distinct=30 hits=2 div=54.3
2026-09-28 21:07:26,729 fitprompt F seed 2 gen  2 best=0.4927 mean=0.3071 distinct=44 hits=4 div=41.6
2026-09-28 21:10:11,096 fitprompt F seed 2 gen  3 best=0.4927 mean=0.3099 distinct=58 hits=6 div=39.0
2026-09-28 21:12:53,197 fitprompt F seed 2 gen  4 best=0.4927 mean=0.3323 distinct=72 hits=8 div=26.5
2026-09-28 21:15:52,324 fitprompt F seed 2 gen  5 best=0.4927 mean=0.3093 distinct=86 hits=10 div=25.5
2026-09-28 21:18:49,908 fitprompt F seed 2 gen  6 best=0.4927 mean=0.2947 distinct=100 hits=12 div=17.8
2026-09-28 21:21:23,000 fitprompt F seed 2 gen  7 best=0.4927 mean=0.3246 distinct=114 hits=14 div=11.2
2026-09-28 21:24:08,393 fitprompt F seed 2 gen  8 best=0.4927 mean=0.3434 distinct=128 hits=16 div=9.5
2026-09-28 21:26:37,882 fitprompt F seed 2 gen  9 best=0.4927 mean=0.3542 distinct=142 hits=18 div=9.3
2026-09-28 21:29:11,971 fitprompt F seed 2 gen 10 best=0.4927 mean=0.3419 distinct=156 hits=20 div=9.8
2026-09-28 21:31:45,828 fitprompt F seed 2 gen 11 best=0.4927 mean=0.3351 distinct=170 hits=22 div=11.4
2026-09-28 21:33:59,453 fitprompt F seed 2 gen 12 best=0.5197 mean=0.3577 distinct=184 hits=24 div=9.1
2026-09-28 21:36:31,705 fitprompt F seed 2 gen 13 best=0.5197 mean=0.4013 distinct=198 hits=26 div=10.1
2026-09-28 21:39:25,067 fitprompt F seed 2 gen 14 best=0.5281 mean=0.4027 distinct=212 hits=28 div=11.3
2026-09-28 21:42:08,219 fitprompt F seed 2 gen 15 best=0.5281 mean=0.3759 distinct=226 hits=30 div=10.1
2026-09-28 21:45:10,605 fitprompt F seed 2 gen 16 best=0.5281 mean=0.3979 distinct=240 hits=32 div=10.9
2026-09-28 21:48:20,212 fitprompt F seed 2 gen 17 best=0.5281 mean=0.3768 distinct=254 hits=34 div=10.1
2026-09-28 21:50:58,134 fitprompt F seed 2 gen 18 best=0.5281 mean=0.3695 distinct=268 hits=36 div=9.8
2026-09-28 21:51:34,560 fitprompt F seed 2 gen 19 best=0.5281 mean=0.3898 distinct=282 hits=38 div=9.4
2026-09-28 21:58:54,131 fitprompt F seed 2 done: best=0.5281 distinct=282 measurement folds=190 (437s) ref_match=None
2026-09-28 21:58:54,134 fitprompt finished: all planned runs attempted
