2026-09-23 15:27:27,952 moveclass plan: [('S1', 0), ('S2', 0), ('S3', 0), ('S4', 0), ('B', 0), ('S1', 1), ('S2', 1), ('S3', 1), ('S4', 1), ('B', 1), ('S1', 2), ('S2', 2), ('S3', 2), ('S4', 2), ('B', 2)]
Warning: You are sending unauthenticated requests to the HF Hub. Please set a HF_TOKEN to enable higher rate limits and faster downloads.
2026-09-23 15:27:31,491 huggingface_hub.utils._http Warning: You are sending unauthenticated requests to the HF Hub. Please set a HF_TOKEN to enable higher rate limits and faster downloads.
Loading weights:   0%|          | 0/4498 [00:00<?, ?it/s]Loading weights:   0%|          | 18/4498 [00:00<01:45, 42.38it/s]Loading weights:  12%|█▏        | 552/4498 [00:00<00:02, 1331.63it/s]Loading weights:  20%|█▉        | 883/4498 [00:00<00:01, 1842.33it/s]Loading weights:  44%|████▎     | 1965/4498 [00:00<00:00, 4260.36it/s]Loading weights:  70%|███████   | 3169/4498 [00:00<00:00, 6421.58it/s]Loading weights:  96%|█████████▋| 4330/4498 [00:00<00:00, 7893.41it/s]Loading weights: 100%|██████████| 4498/4498 [00:00<00:00, 4669.82it/s]
[transformers] [1mEsmForProteinFolding LOAD REPORT[0m from: facebook/esmfold_v1
Key                                | Status  | 
-----------------------------------+---------+-
esm.contact_head.regression.bias   | MISSING | 
esm.contact_head.regression.weight | MISSING | 

Notes:
- MISSING:	those params were newly initialized because missing from the checkpoint. Consider training on your downstream task.
2026-09-23 15:27:47,889 moveclass === S1 seed 0 attempt 1 ===
2026-09-23 15:28:19,372 moveclass S1 seed 0 gen  0 best=0.3006 mean=0.2474 distinct=16 hits=0 len=52.0
2026-09-23 15:28:44,164 moveclass S1 seed 0 gen  1 best=0.3161 mean=0.2642 distinct=30 hits=2 len=50.9
2026-09-23 15:29:09,407 moveclass S1 seed 0 gen  2 best=0.3656 mean=0.2950 distinct=44 hits=4 len=57.3
2026-09-23 15:29:42,833 moveclass S1 seed 0 gen  3 best=0.3959 mean=0.3183 distinct=58 hits=6 len=58.8
2026-09-23 15:30:10,533 moveclass S1 seed 0 gen  4 best=0.3959 mean=0.3357 distinct=72 hits=8 len=58.9
2026-09-23 15:30:39,789 moveclass S1 seed 0 gen  5 best=0.3959 mean=0.3226 distinct=86 hits=10 len=58.8
2026-09-23 15:31:08,694 moveclass S1 seed 0 gen  6 best=0.3959 mean=0.3396 distinct=100 hits=12 len=58.9
2026-09-23 15:31:37,331 moveclass S1 seed 0 gen  7 best=0.3959 mean=0.3327 distinct=114 hits=14 len=59.0
2026-09-23 15:32:06,642 moveclass S1 seed 0 gen  8 best=0.3959 mean=0.3533 distinct=128 hits=16 len=59.0
2026-09-23 15:32:36,030 moveclass S1 seed 0 gen  9 best=0.3959 mean=0.3215 distinct=142 hits=18 len=59.0
2026-09-23 15:33:05,363 moveclass S1 seed 0 gen 10 best=0.3959 mean=0.3326 distinct=156 hits=20 len=59.0
2026-09-23 15:33:34,997 moveclass S1 seed 0 gen 11 best=0.3959 mean=0.3236 distinct=170 hits=22 len=59.0
2026-09-23 15:34:03,789 moveclass S1 seed 0 gen 12 best=0.3960 mean=0.3349 distinct=184 hits=24 len=59.0
2026-09-23 15:34:33,424 moveclass S1 seed 0 gen 13 best=0.3960 mean=0.3350 distinct=198 hits=26 len=59.0
2026-09-23 15:35:03,612 moveclass S1 seed 0 gen 14 best=0.3960 mean=0.3184 distinct=212 hits=28 len=59.0
2026-09-23 15:35:35,622 moveclass S1 seed 0 gen 15 best=0.3960 mean=0.3229 distinct=226 hits=30 len=59.0
2026-09-23 15:36:04,732 moveclass S1 seed 0 gen 16 best=0.3960 mean=0.3271 distinct=240 hits=32 len=59.0
2026-09-23 15:36:33,827 moveclass S1 seed 0 gen 17 best=0.4031 mean=0.3392 distinct=254 hits=34 len=59.0
2026-09-23 15:37:04,717 moveclass S1 seed 0 gen 18 best=0.4031 mean=0.3406 distinct=268 hits=36 len=59.0
2026-09-23 15:37:35,446 moveclass S1 seed 0 gen 19 best=0.4031 mean=0.3304 distinct=282 hits=38 len=59.0
2026-09-23 15:41:09,386 moveclass S1 seed 0 done: best=0.4031 distinct=282 moves=266 measurement folds=95 (212s) ref_match=None
2026-09-23 15:41:09,485 moveclass === S2 seed 0 attempt 1 ===
2026-09-23 15:41:43,714 moveclass S2 seed 0 gen  0 best=0.3006 mean=0.2474 distinct=16 hits=0 len=52.0
2026-09-23 15:42:13,086 moveclass S2 seed 0 gen  1 best=0.3257 mean=0.2613 distinct=30 hits=2 len=52.8
2026-09-23 15:42:40,488 moveclass S2 seed 0 gen  2 best=0.3293 mean=0.2703 distinct=44 hits=4 len=54.6
2026-09-23 15:43:09,500 moveclass S2 seed 0 gen  3 best=0.3487 mean=0.2899 distinct=58 hits=6 len=53.1
2026-09-23 15:43:38,132 moveclass S2 seed 0 gen  4 best=0.3487 mean=0.2996 distinct=72 hits=8 len=53.9
2026-09-23 15:44:07,917 moveclass S2 seed 0 gen  5 best=0.3487 mean=0.2908 distinct=86 hits=10 len=53.9
2026-09-23 15:44:37,091 moveclass S2 seed 0 gen  6 best=0.3719 mean=0.2883 distinct=100 hits=12 len=54.5
2026-09-23 15:45:06,110 moveclass S2 seed 0 gen  7 best=0.3719 mean=0.3004 distinct=114 hits=14 len=53.4
2026-09-23 15:45:34,857 moveclass S2 seed 0 gen  8 best=0.3719 mean=0.2952 distinct=128 hits=16 len=54.0
2026-09-23 15:46:03,463 moveclass S2 seed 0 gen  9 best=0.3719 mean=0.2988 distinct=142 hits=18 len=53.8
2026-09-23 15:46:34,400 moveclass S2 seed 0 gen 10 best=0.3719 mean=0.3164 distinct=156 hits=20 len=54.1
2026-09-23 15:47:06,808 moveclass S2 seed 0 gen 11 best=0.3719 mean=0.3106 distinct=170 hits=22 len=54.2
2026-09-23 15:47:37,639 moveclass S2 seed 0 gen 12 best=0.3924 mean=0.3170 distinct=184 hits=24 len=54.2
2026-09-23 15:48:07,671 moveclass S2 seed 0 gen 13 best=0.3924 mean=0.3210 distinct=198 hits=26 len=54.4
2026-09-23 15:48:35,725 moveclass S2 seed 0 gen 14 best=0.3948 mean=0.3371 distinct=212 hits=28 len=54.2
2026-09-23 15:49:05,381 moveclass S2 seed 0 gen 15 best=0.4005 mean=0.3557 distinct=226 hits=30 len=54.0
2026-09-23 15:49:36,785 moveclass S2 seed 0 gen 16 best=0.4107 mean=0.3378 distinct=240 hits=32 len=54.0
2026-09-23 15:50:05,126 moveclass S2 seed 0 gen 17 best=0.4107 mean=0.3147 distinct=254 hits=34 len=54.0
2026-09-23 15:50:35,744 moveclass S2 seed 0 gen 18 best=0.4107 mean=0.3234 distinct=268 hits=36 len=54.0
2026-09-23 15:51:04,441 moveclass S2 seed 0 gen 19 best=0.4107 mean=0.3295 distinct=282 hits=38 len=54.0
2026-09-23 15:58:14,644 moveclass S2 seed 0 done: best=0.4107 distinct=282 moves=266 measurement folds=210 (428s) ref_match=None
2026-09-23 15:58:14,734 moveclass === S3 seed 0 attempt 1 ===
2026-09-23 15:58:49,896 moveclass S3 seed 0 gen  0 best=0.3006 mean=0.2474 distinct=16 hits=0 len=52.0
2026-09-23 15:59:17,595 moveclass S3 seed 0 gen  1 best=0.3150 mean=0.2575 distinct=30 hits=2 len=53.9
2026-09-23 15:59:48,159 moveclass S3 seed 0 gen  2 best=0.3279 mean=0.2731 distinct=44 hits=4 len=57.1
2026-09-23 16:00:16,975 moveclass S3 seed 0 gen  3 best=0.3338 mean=0.2731 distinct=58 hits=6 len=56.4
2026-09-23 16:00:48,662 moveclass S3 seed 0 gen  4 best=0.3504 mean=0.2812 distinct=72 hits=8 len=58.9
2026-09-23 16:01:18,342 moveclass S3 seed 0 gen  5 best=0.3504 mean=0.2805 distinct=86 hits=10 len=58.4
2026-09-23 16:01:49,291 moveclass S3 seed 0 gen  6 best=0.3504 mean=0.3041 distinct=100 hits=12 len=57.6
2026-09-23 16:02:21,054 moveclass S3 seed 0 gen  7 best=0.3504 mean=0.2904 distinct=114 hits=14 len=58.1
2026-09-23 16:02:50,889 moveclass S3 seed 0 gen  8 best=0.3504 mean=0.2933 distinct=128 hits=16 len=58.2
2026-09-23 16:03:20,424 moveclass S3 seed 0 gen  9 best=0.3504 mean=0.2860 distinct=142 hits=18 len=57.0
2026-09-23 16:03:50,521 moveclass S3 seed 0 gen 10 best=0.3507 mean=0.2937 distinct=156 hits=20 len=58.3
2026-09-23 16:04:19,957 moveclass S3 seed 0 gen 11 best=0.3507 mean=0.3012 distinct=170 hits=22 len=57.1
2026-09-23 16:04:49,547 moveclass S3 seed 0 gen 12 best=0.3587 mean=0.3021 distinct=184 hits=24 len=56.1
2026-09-23 16:05:21,448 moveclass S3 seed 0 gen 13 best=0.3587 mean=0.2981 distinct=198 hits=26 len=56.1
2026-09-23 16:05:50,773 moveclass S3 seed 0 gen 14 best=0.3910 mean=0.2993 distinct=212 hits=28 len=56.9
2026-09-23 16:06:19,749 moveclass S3 seed 0 gen 15 best=0.3910 mean=0.2860 distinct=226 hits=30 len=56.1
2026-09-23 16:06:49,055 moveclass S3 seed 0 gen 16 best=0.3910 mean=0.2965 distinct=240 hits=32 len=56.6
2026-09-23 16:07:18,013 moveclass S3 seed 0 gen 17 best=0.3910 mean=0.3038 distinct=254 hits=34 len=57.1
2026-09-23 16:07:46,722 moveclass S3 seed 0 gen 18 best=0.3910 mean=0.3006 distinct=268 hits=36 len=57.2
2026-09-23 16:08:16,855 moveclass S3 seed 0 gen 19 best=0.3910 mean=0.2984 distinct=282 hits=38 len=57.4
2026-09-23 16:14:55,596 moveclass S3 seed 0 done: best=0.3910 distinct=282 moves=266 measurement folds=188 (397s) ref_match=None
2026-09-23 16:14:55,678 moveclass === S4 seed 0 attempt 1 ===
2026-09-23 16:15:29,159 moveclass S4 seed 0 gen  0 best=0.3006 mean=0.2474 distinct=16 hits=0 len=52.0
2026-09-23 16:15:57,764 moveclass S4 seed 0 gen  1 best=0.3300 mean=0.2626 distinct=30 hits=2 len=52.8
2026-09-23 16:16:32,679 moveclass S4 seed 0 gen  2 best=0.3304 mean=0.3033 distinct=44 hits=4 len=62.6
2026-09-23 16:17:01,941 moveclass S4 seed 0 gen  3 best=0.3384 mean=0.2881 distinct=58 hits=6 len=57.6
2026-09-23 16:17:34,853 moveclass S4 seed 0 gen  4 best=0.3895 mean=0.3088 distinct=72 hits=8 len=59.9
2026-09-23 16:18:10,976 moveclass S4 seed 0 gen  5 best=0.3895 mean=0.3185 distinct=86 hits=10 len=65.0
2026-09-23 16:18:49,084 moveclass S4 seed 0 gen  6 best=0.3895 mean=0.3204 distinct=100 hits=12 len=65.8
2026-09-23 16:19:27,145 moveclass S4 seed 0 gen  7 best=0.3895 mean=0.3206 distinct=114 hits=14 len=66.8
2026-09-23 16:20:04,231 moveclass S4 seed 0 gen  8 best=0.3922 mean=0.3316 distinct=128 hits=16 len=66.8
2026-09-23 16:20:40,195 moveclass S4 seed 0 gen  9 best=0.3922 mean=0.3358 distinct=142 hits=18 len=64.6
2026-09-23 16:21:21,597 moveclass S4 seed 0 gen 10 best=0.4065 mean=0.3317 distinct=156 hits=20 len=66.9
2026-09-23 16:21:55,554 moveclass S4 seed 0 gen 11 best=0.4065 mean=0.3298 distinct=170 hits=22 len=65.2
2026-09-23 16:22:33,905 moveclass S4 seed 0 gen 12 best=0.4065 mean=0.3163 distinct=184 hits=24 len=67.6
2026-09-23 16:23:12,760 moveclass S4 seed 0 gen 13 best=0.4065 mean=0.3400 distinct=198 hits=26 len=66.6
2026-09-23 16:23:49,451 moveclass S4 seed 0 gen 14 best=0.4065 mean=0.3326 distinct=212 hits=28 len=65.4
2026-09-23 16:24:23,972 moveclass S4 seed 0 gen 15 best=0.4065 mean=0.3456 distinct=225 hits=31 len=65.1
2026-09-23 16:25:00,131 moveclass S4 seed 0 gen 16 best=0.4286 mean=0.3446 distinct=239 hits=33 len=64.4
2026-09-23 16:25:35,505 moveclass S4 seed 0 gen 17 best=0.4326 mean=0.3612 distinct=253 hits=35 len=63.8
2026-09-23 16:26:11,024 moveclass S4 seed 0 gen 18 best=0.4375 mean=0.3495 distinct=267 hits=37 len=63.9
2026-09-23 16:26:44,924 moveclass S4 seed 0 gen 19 best=0.4379 mean=0.3594 distinct=281 hits=39 len=64.5
2026-09-23 16:34:39,278 moveclass S4 seed 0 done: best=0.4379 distinct=281 moves=266 measurement folds=185 (472s) ref_match=None
2026-09-23 16:34:39,372 moveclass === S1 seed 1 attempt 1 ===
2026-09-23 16:35:13,637 moveclass S1 seed 1 gen  0 best=0.2959 mean=0.2359 distinct=16 hits=0 len=52.7
2026-09-23 16:35:52,345 moveclass S1 seed 1 gen  1 best=0.3024 mean=0.2732 distinct=30 hits=2 len=66.3
2026-09-23 16:36:33,320 moveclass S1 seed 1 gen  2 best=0.3196 mean=0.2880 distinct=44 hits=4 len=66.1
2026-09-23 16:37:12,268 moveclass S1 seed 1 gen  3 best=0.3298 mean=0.2947 distinct=58 hits=6 len=66.1
2026-09-23 16:37:48,135 moveclass S1 seed 1 gen  4 best=0.3298 mean=0.2865 distinct=72 hits=8 len=64.4
2026-09-23 16:38:29,061 moveclass S1 seed 1 gen  5 best=0.3298 mean=0.2886 distinct=86 hits=10 len=68.8
2026-09-23 16:39:16,589 moveclass S1 seed 1 gen  6 best=0.3504 mean=0.3087 distinct=100 hits=12 len=71.2
2026-09-23 16:40:00,169 moveclass S1 seed 1 gen  7 best=0.3661 mean=0.3169 distinct=114 hits=14 len=69.4
2026-09-23 16:40:42,087 moveclass S1 seed 1 gen  8 best=0.3661 mean=0.3210 distinct=128 hits=16 len=66.6
2026-09-23 16:41:23,070 moveclass S1 seed 1 gen  9 best=0.3679 mean=0.3283 distinct=142 hits=18 len=66.9
2026-09-23 16:42:05,795 moveclass S1 seed 1 gen 10 best=0.3679 mean=0.3211 distinct=156 hits=20 len=66.9
2026-09-23 16:42:45,289 moveclass S1 seed 1 gen 11 best=0.3679 mean=0.3312 distinct=170 hits=22 len=66.9
2026-09-23 16:43:23,815 moveclass S1 seed 1 gen 12 best=0.3712 mean=0.3382 distinct=184 hits=24 len=67.0
2026-09-23 16:44:04,707 moveclass S1 seed 1 gen 13 best=0.3727 mean=0.3266 distinct=198 hits=26 len=67.0
2026-09-23 16:44:42,293 moveclass S1 seed 1 gen 14 best=0.3727 mean=0.3204 distinct=212 hits=28 len=67.0
2026-09-23 16:45:21,755 moveclass S1 seed 1 gen 15 best=0.3765 mean=0.3295 distinct=226 hits=30 len=67.0
2026-09-23 16:46:00,937 moveclass S1 seed 1 gen 16 best=0.3797 mean=0.3317 distinct=240 hits=32 len=67.0
2026-09-23 16:46:40,012 moveclass S1 seed 1 gen 17 best=0.3797 mean=0.3235 distinct=254 hits=34 len=67.0
2026-09-23 16:47:19,308 moveclass S1 seed 1 gen 18 best=0.3875 mean=0.3343 distinct=268 hits=36 len=67.0
2026-09-23 16:47:59,479 moveclass S1 seed 1 gen 19 best=0.3875 mean=0.3481 distinct=282 hits=38 len=67.0
2026-09-23 16:55:19,518 moveclass S1 seed 1 done: best=0.3875 distinct=282 moves=266 measurement folds=158 (437s) ref_match=None
2026-09-23 16:55:19,598 moveclass === S2 seed 1 attempt 1 ===
2026-09-23 16:55:55,285 moveclass S2 seed 1 gen  0 best=0.2959 mean=0.2359 distinct=16 hits=0 len=52.7
2026-09-23 16:56:27,951 moveclass S2 seed 1 gen  1 best=0.3004 mean=0.2628 distinct=30 hits=2 len=62.4
2026-09-23 16:57:05,050 moveclass S2 seed 1 gen  2 best=0.3025 mean=0.2684 distinct=44 hits=4 len=67.1
2026-09-23 16:57:45,810 moveclass S2 seed 1 gen  3 best=0.3535 mean=0.2758 distinct=58 hits=6 len=67.6
2026-09-23 16:58:22,617 moveclass S2 seed 1 gen  4 best=0.3649 mean=0.3000 distinct=72 hits=8 len=66.9
2026-09-23 16:58:58,345 moveclass S2 seed 1 gen  5 best=0.3771 mean=0.3187 distinct=86 hits=10 len=64.9
2026-09-23 16:59:35,460 moveclass S2 seed 1 gen  6 best=0.3869 mean=0.3222 distinct=100 hits=12 len=64.4
2026-09-23 17:00:09,701 moveclass S2 seed 1 gen  7 best=0.3928 mean=0.3325 distinct=114 hits=14 len=64.4
2026-09-23 17:00:46,062 moveclass S2 seed 1 gen  8 best=0.5205 mean=0.3429 distinct=128 hits=16 len=64.5
2026-09-23 17:01:19,123 moveclass S2 seed 1 gen  9 best=0.5205 mean=0.3323 distinct=142 hits=18 len=64.1
2026-09-23 17:01:52,851 moveclass S2 seed 1 gen 10 best=0.5205 mean=0.3384 distinct=156 hits=20 len=64.1
2026-09-23 17:02:23,558 moveclass S2 seed 1 gen 11 best=0.5618 mean=0.3574 distinct=170 hits=22 len=64.1
2026-09-23 17:02:55,070 moveclass S2 seed 1 gen 12 best=0.5618 mean=0.3625 distinct=184 hits=24 len=64.0
2026-09-23 17:03:27,905 moveclass S2 seed 1 gen 13 best=0.5666 mean=0.3530 distinct=198 hits=26 len=64.0
2026-09-23 17:04:01,844 moveclass S2 seed 1 gen 14 best=0.6213 mean=0.4278 distinct=212 hits=28 len=64.0
2026-09-23 17:04:33,165 moveclass S2 seed 1 gen 15 best=0.6213 mean=0.3903 distinct=226 hits=30 len=64.0
2026-09-23 17:05:06,621 moveclass S2 seed 1 gen 16 best=0.6213 mean=0.4058 distinct=240 hits=32 len=64.0
2026-09-23 17:05:39,418 moveclass S2 seed 1 gen 17 best=0.6215 mean=0.4373 distinct=254 hits=34 len=64.0
2026-09-23 17:06:12,771 moveclass S2 seed 1 gen 18 best=0.6522 mean=0.4263 distinct=268 hits=36 len=64.0
2026-09-23 17:06:45,499 moveclass S2 seed 1 gen 19 best=0.6522 mean=0.4209 distinct=282 hits=38 len=64.0
2026-09-23 17:14:20,500 moveclass S2 seed 1 done: best=0.6522 distinct=282 moves=266 measurement folds=174 (452s) ref_match=None
2026-09-23 17:14:20,613 moveclass === S3 seed 1 attempt 1 ===
2026-09-23 17:14:56,189 moveclass S3 seed 1 gen  0 best=0.2959 mean=0.2359 distinct=16 hits=0 len=52.7
2026-09-23 17:15:26,755 moveclass S3 seed 1 gen  1 best=0.3416 mean=0.2776 distinct=30 hits=2 len=59.2
2026-09-23 17:15:59,716 moveclass S3 seed 1 gen  2 best=0.4110 mean=0.2903 distinct=44 hits=4 len=63.0
2026-09-23 17:16:35,805 moveclass S3 seed 1 gen  3 best=0.4110 mean=0.2932 distinct=58 hits=6 len=67.6
2026-09-23 17:17:11,529 moveclass S3 seed 1 gen  4 best=0.4110 mean=0.3155 distinct=72 hits=8 len=63.6
2026-09-23 17:17:47,192 moveclass S3 seed 1 gen  5 best=0.4110 mean=0.3130 distinct=86 hits=10 len=60.4
2026-09-23 17:18:20,072 moveclass S3 seed 1 gen  6 best=0.4110 mean=0.3097 distinct=100 hits=12 len=58.5
2026-09-23 17:18:54,367 moveclass S3 seed 1 gen  7 best=0.4110 mean=0.2954 distinct=114 hits=14 len=58.6
2026-09-23 17:19:27,069 moveclass S3 seed 1 gen  8 best=0.4110 mean=0.3209 distinct=128 hits=16 len=58.6
2026-09-23 17:20:00,856 moveclass S3 seed 1 gen  9 best=0.4110 mean=0.3237 distinct=142 hits=18 len=58.6
2026-09-23 17:20:32,611 moveclass S3 seed 1 gen 10 best=0.4110 mean=0.3171 distinct=156 hits=20 len=58.4
2026-09-23 17:21:04,815 moveclass S3 seed 1 gen 11 best=0.4110 mean=0.2896 distinct=170 hits=22 len=58.9
2026-09-23 17:21:37,001 moveclass S3 seed 1 gen 12 best=0.4110 mean=0.2916 distinct=184 hits=24 len=59.1
2026-09-23 17:22:11,247 moveclass S3 seed 1 gen 13 best=0.4110 mean=0.2922 distinct=198 hits=26 len=59.6
2026-09-23 17:22:44,249 moveclass S3 seed 1 gen 14 best=0.4110 mean=0.2855 distinct=212 hits=28 len=59.8
2026-09-23 17:23:15,771 moveclass S3 seed 1 gen 15 best=0.4110 mean=0.3362 distinct=226 hits=30 len=59.4
2026-09-23 17:23:43,333 moveclass S3 seed 1 gen 16 best=0.4110 mean=0.3094 distinct=240 hits=32 len=59.2
2026-09-23 17:24:17,661 moveclass S3 seed 1 gen 17 best=0.4110 mean=0.2963 distinct=254 hits=34 len=59.4
2026-09-23 17:24:48,879 moveclass S3 seed 1 gen 18 best=0.4110 mean=0.3067 distinct=268 hits=36 len=59.2
2026-09-23 17:25:22,286 moveclass S3 seed 1 gen 19 best=0.4193 mean=0.3171 distinct=282 hits=38 len=59.2
2026-09-23 17:30:40,686 moveclass S3 seed 1 done: best=0.4193 distinct=282 moves=266 measurement folds=146 (316s) ref_match=None
2026-09-23 17:30:40,783 moveclass === S4 seed 1 attempt 1 ===
2026-09-23 17:31:12,732 moveclass S4 seed 1 gen  0 best=0.2959 mean=0.2359 distinct=16 hits=0 len=52.7
2026-09-23 17:31:44,023 moveclass S4 seed 1 gen  1 best=0.2959 mean=0.2677 distinct=30 hits=2 len=61.0
2026-09-23 17:32:19,355 moveclass S4 seed 1 gen  2 best=0.3672 mean=0.2951 distinct=44 hits=4 len=64.7
2026-09-23 17:32:55,381 moveclass S4 seed 1 gen  3 best=0.3672 mean=0.3001 distinct=58 hits=6 len=64.1
2026-09-23 17:33:30,977 moveclass S4 seed 1 gen  4 best=0.3672 mean=0.3007 distinct=72 hits=8 len=63.8
2026-09-23 17:34:06,690 moveclass S4 seed 1 gen  5 best=0.3672 mean=0.2951 distinct=86 hits=10 len=64.8
2026-09-23 17:34:40,110 moveclass S4 seed 1 gen  6 best=0.3898 mean=0.3080 distinct=100 hits=12 len=59.8
2026-09-23 17:35:12,604 moveclass S4 seed 1 gen  7 best=0.4363 mean=0.3247 distinct=114 hits=14 len=61.4
2026-09-23 17:35:44,475 moveclass S4 seed 1 gen  8 best=0.4402 mean=0.3491 distinct=128 hits=16 len=62.4
2026-09-23 17:36:14,375 moveclass S4 seed 1 gen  9 best=0.4402 mean=0.3281 distinct=142 hits=18 len=60.4
2026-09-23 17:36:48,109 moveclass S4 seed 1 gen 10 best=0.4402 mean=0.3238 distinct=156 hits=20 len=62.9
2026-09-23 17:37:19,393 moveclass S4 seed 1 gen 11 best=0.4469 mean=0.3600 distinct=170 hits=22 len=63.2
2026-09-23 17:37:51,429 moveclass S4 seed 1 gen 12 best=0.4576 mean=0.3684 distinct=184 hits=24 len=61.6
2026-09-23 17:38:24,683 moveclass S4 seed 1 gen 13 best=0.4673 mean=0.3560 distinct=198 hits=26 len=62.2
2026-09-23 17:39:00,343 moveclass S4 seed 1 gen 14 best=0.4673 mean=0.3253 distinct=212 hits=28 len=64.9
2026-09-23 17:39:36,562 moveclass S4 seed 1 gen 15 best=0.4673 mean=0.3323 distinct=226 hits=30 len=64.9
2026-09-23 17:40:10,239 moveclass S4 seed 1 gen 16 best=0.4673 mean=0.3387 distinct=240 hits=32 len=64.5
2026-09-23 17:40:43,634 moveclass S4 seed 1 gen 17 best=0.4688 mean=0.3869 distinct=254 hits=34 len=66.3
2026-09-23 17:41:18,029 moveclass S4 seed 1 gen 18 best=0.4731 mean=0.3486 distinct=268 hits=36 len=65.8
2026-09-23 17:41:51,989 moveclass S4 seed 1 gen 19 best=0.4959 mean=0.3861 distinct=282 hits=38 len=64.5
2026-09-23 17:49:43,106 moveclass S4 seed 1 done: best=0.4959 distinct=282 moves=266 measurement folds=192 (469s) ref_match=None
2026-09-23 17:49:43,191 moveclass === B seed 1 attempt 1 ===
2026-09-23 17:50:19,484 moveclass B seed 1 gen  0 best=0.2959 mean=0.2359 distinct=16 hits=0 len=52.7
2026-09-23 17:50:55,866 moveclass B seed 1 gen  1 best=0.3871 mean=0.2725 distinct=30 hits=2 len=63.8
2026-09-23 17:51:32,330 moveclass B seed 1 gen  2 best=0.3871 mean=0.2940 distinct=44 hits=4 len=64.6
2026-09-23 17:52:10,025 moveclass B seed 1 gen  3 best=0.3871 mean=0.3127 distinct=58 hits=6 len=63.7
2026-09-23 17:52:45,522 moveclass B seed 1 gen  4 best=0.3871 mean=0.2945 distinct=72 hits=8 len=65.6
2026-09-23 17:53:23,069 moveclass B seed 1 gen  5 best=0.3871 mean=0.3274 distinct=86 hits=10 len=65.3
2026-09-23 17:54:04,152 moveclass B seed 1 gen  6 best=0.4170 mean=0.3487 distinct=100 hits=12 len=64.2
2026-09-23 17:54:39,134 moveclass B seed 1 gen  7 best=0.4214 mean=0.3311 distinct=114 hits=14 len=64.1
2026-09-23 17:55:08,288 moveclass B seed 1 gen  8 best=0.4367 mean=0.3570 distinct=127 hits=17 len=64.0
2026-09-23 17:55:40,642 moveclass B seed 1 gen  9 best=0.4462 mean=0.3413 distinct=141 hits=19 len=64.0
2026-09-23 17:56:12,402 moveclass B seed 1 gen 10 best=0.4782 mean=0.3605 distinct=155 hits=21 len=64.0
2026-09-23 17:56:43,577 moveclass B seed 1 gen 11 best=0.4782 mean=0.3686 distinct=169 hits=23 len=64.0
2026-09-23 17:57:15,441 moveclass B seed 1 gen 12 best=0.4782 mean=0.3689 distinct=182 hits=26 len=64.0
2026-09-23 17:57:47,296 moveclass B seed 1 gen 13 best=0.4782 mean=0.3534 distinct=196 hits=28 len=64.0
2026-09-23 17:58:15,825 moveclass B seed 1 gen 14 best=0.4782 mean=0.3908 distinct=208 hits=32 len=64.0
2026-09-23 17:58:52,944 moveclass B seed 1 gen 15 best=0.4782 mean=0.3551 distinct=222 hits=34 len=64.0
2026-09-23 17:59:29,480 moveclass B seed 1 gen 16 best=0.4843 mean=0.3897 distinct=236 hits=36 len=64.0
2026-09-23 18:00:00,311 moveclass B seed 1 gen 17 best=0.4843 mean=0.3931 distinct=248 hits=40 len=64.0
2026-09-23 18:00:32,923 moveclass B seed 1 gen 18 best=0.5025 mean=0.3550 distinct=262 hits=42 len=64.0
2026-09-23 18:01:05,674 moveclass B seed 1 gen 19 best=0.5025 mean=0.3908 distinct=276 hits=44 len=64.0
2026-09-23 18:08:12,259 moveclass B seed 1 done: best=0.5025 distinct=276 moves=266 measurement folds=172 (424s) ref_match=True
2026-09-23 18:08:12,347 moveclass === S1 seed 2 attempt 1 ===
2026-09-23 18:08:50,725 moveclass S1 seed 2 gen  0 best=0.3353 mean=0.2334 distinct=16 hits=0 len=54.8
2026-09-23 18:09:22,731 moveclass S1 seed 2 gen  1 best=0.3480 mean=0.2758 distinct=30 hits=2 len=61.1
2026-09-23 18:09:56,166 moveclass S1 seed 2 gen  2 best=0.3480 mean=0.2990 distinct=44 hits=4 len=63.7
2026-09-23 18:10:31,140 moveclass S1 seed 2 gen  3 best=0.3648 mean=0.3122 distinct=58 hits=6 len=64.8
2026-09-23 18:11:08,599 moveclass S1 seed 2 gen  4 best=0.3804 mean=0.3253 distinct=72 hits=8 len=66.9
2026-09-23 18:11:48,901 moveclass S1 seed 2 gen  5 best=0.3804 mean=0.3146 distinct=86 hits=10 len=67.0
2026-09-23 18:12:25,296 moveclass S1 seed 2 gen  6 best=0.3853 mean=0.3352 distinct=100 hits=12 len=65.1
2026-09-23 18:13:01,435 moveclass S1 seed 2 gen  7 best=0.3853 mean=0.3151 distinct=114 hits=14 len=64.6
2026-09-23 18:13:36,183 moveclass S1 seed 2 gen  8 best=0.3882 mean=0.3316 distinct=128 hits=16 len=63.9
2026-09-23 18:14:07,825 moveclass S1 seed 2 gen  9 best=0.4063 mean=0.3417 distinct=142 hits=18 len=63.4
2026-09-23 18:14:39,719 moveclass S1 seed 2 gen 10 best=0.4063 mean=0.3425 distinct=156 hits=20 len=63.5
2026-09-23 18:15:13,455 moveclass S1 seed 2 gen 11 best=0.4063 mean=0.3297 distinct=170 hits=22 len=63.1
2026-09-23 18:15:49,344 moveclass S1 seed 2 gen 12 best=0.4217 mean=0.3480 distinct=184 hits=24 len=63.0
2026-09-23 18:16:22,682 moveclass S1 seed 2 gen 13 best=0.4309 mean=0.3624 distinct=198 hits=26 len=63.0
2026-09-23 18:17:00,824 moveclass S1 seed 2 gen 14 best=0.4309 mean=0.3690 distinct=212 hits=28 len=63.0
2026-09-23 18:17:36,942 moveclass S1 seed 2 gen 15 best=0.4599 mean=0.3844 distinct=226 hits=30 len=63.0
2026-09-23 18:18:09,243 moveclass S1 seed 2 gen 16 best=0.4599 mean=0.3840 distinct=240 hits=32 len=63.0
2026-09-23 18:18:45,164 moveclass S1 seed 2 gen 17 best=0.4789 mean=0.4110 distinct=254 hits=34 len=63.0
2026-09-23 18:19:22,204 moveclass S1 seed 2 gen 18 best=0.4816 mean=0.4274 distinct=268 hits=36 len=63.0
2026-09-23 18:19:58,692 moveclass S1 seed 2 gen 19 best=0.4816 mean=0.4425 distinct=282 hits=38 len=63.0
2026-09-23 18:25:56,648 moveclass S1 seed 2 done: best=0.4816 distinct=282 moves=266 measurement folds=144 (355s) ref_match=None
2026-09-23 18:25:56,732 moveclass === S2 seed 2 attempt 1 ===
2026-09-23 18:26:33,513 moveclass S2 seed 2 gen  0 best=0.3353 mean=0.2334 distinct=16 hits=0 len=54.8
2026-09-23 18:27:08,387 moveclass S2 seed 2 gen  1 best=0.3353 mean=0.2650 distinct=30 hits=2 len=58.4
2026-09-23 18:27:42,366 moveclass S2 seed 2 gen  2 best=0.3512 mean=0.2936 distinct=44 hits=4 len=61.3
2026-09-23 18:28:22,868 moveclass S2 seed 2 gen  3 best=0.3758 mean=0.3140 distinct=58 hits=6 len=66.6
2026-09-23 18:29:02,986 moveclass S2 seed 2 gen  4 best=0.4104 mean=0.3126 distinct=72 hits=8 len=66.5
2026-09-23 18:29:43,537 moveclass S2 seed 2 gen  5 best=0.4104 mean=0.3197 distinct=86 hits=10 len=66.2
2026-09-23 18:30:24,523 moveclass S2 seed 2 gen  6 best=0.4104 mean=0.3218 distinct=100 hits=12 len=66.8
2026-09-23 18:31:04,524 moveclass S2 seed 2 gen  7 best=0.4104 mean=0.3151 distinct=114 hits=14 len=67.4
2026-09-23 18:31:44,164 moveclass S2 seed 2 gen  8 best=0.4104 mean=0.3205 distinct=128 hits=16 len=67.4
2026-09-23 18:32:22,761 moveclass S2 seed 2 gen  9 best=0.4104 mean=0.3233 distinct=142 hits=18 len=67.6
2026-09-23 18:33:00,925 moveclass S2 seed 2 gen 10 best=0.4104 mean=0.3441 distinct=156 hits=20 len=68.0
2026-09-23 18:33:41,375 moveclass S2 seed 2 gen 11 best=0.4104 mean=0.3285 distinct=170 hits=22 len=68.0
2026-09-23 18:34:19,574 moveclass S2 seed 2 gen 12 best=0.4104 mean=0.3319 distinct=184 hits=24 len=68.0
2026-09-23 18:34:59,597 moveclass S2 seed 2 gen 13 best=0.4104 mean=0.3196 distinct=198 hits=26 len=68.0
2026-09-23 18:35:38,652 moveclass S2 seed 2 gen 14 best=0.4104 mean=0.3212 distinct=212 hits=28 len=68.0
2026-09-23 18:36:18,483 moveclass S2 seed 2 gen 15 best=0.4134 mean=0.3257 distinct=226 hits=30 len=68.0
2026-09-23 18:36:57,631 moveclass S2 seed 2 gen 16 best=0.4134 mean=0.3551 distinct=240 hits=32 len=68.0
2026-09-23 18:37:36,195 moveclass S2 seed 2 gen 17 best=0.4134 mean=0.3299 distinct=254 hits=34 len=68.0
2026-09-23 18:38:13,063 moveclass S2 seed 2 gen 18 best=0.4175 mean=0.3517 distinct=268 hits=36 len=68.0
2026-09-23 18:38:51,237 moveclass S2 seed 2 gen 19 best=0.4175 mean=0.3395 distinct=282 hits=38 len=68.0
2026-09-23 18:47:05,150 moveclass S2 seed 2 done: best=0.4175 distinct=282 moves=266 measurement folds=179 (491s) ref_match=None
2026-09-23 18:47:05,237 moveclass === S3 seed 2 attempt 1 ===
2026-09-23 18:47:43,885 moveclass S3 seed 2 gen  0 best=0.3353 mean=0.2334 distinct=16 hits=0 len=54.8
2026-09-23 18:48:17,770 moveclass S3 seed 2 gen  1 best=0.3526 mean=0.2789 distinct=30 hits=2 len=59.1
2026-09-23 18:48:54,697 moveclass S3 seed 2 gen  2 best=0.3526 mean=0.2826 distinct=44 hits=4 len=66.6
2026-09-23 18:49:33,267 moveclass S3 seed 2 gen  3 best=0.4213 mean=0.3011 distinct=58 hits=6 len=68.1
2026-09-23 18:50:14,616 moveclass S3 seed 2 gen  4 best=0.4213 mean=0.3007 distinct=72 hits=8 len=69.4
2026-09-23 18:50:57,346 moveclass S3 seed 2 gen  5 best=0.4213 mean=0.2911 distinct=86 hits=10 len=70.1
2026-09-23 18:51:41,275 moveclass S3 seed 2 gen  6 best=0.4213 mean=0.3147 distinct=100 hits=12 len=69.9
2026-09-23 18:52:22,675 moveclass S3 seed 2 gen  7 best=0.5163 mean=0.3594 distinct=114 hits=14 len=67.8
2026-09-23 18:53:01,957 moveclass S3 seed 2 gen  8 best=0.5163 mean=0.3402 distinct=128 hits=16 len=67.3
2026-09-23 18:53:41,813 moveclass S3 seed 2 gen  9 best=0.5163 mean=0.3279 distinct=142 hits=18 len=67.1
2026-09-23 18:54:21,522 moveclass S3 seed 2 gen 10 best=0.5163 mean=0.3372 distinct=156 hits=20 len=67.4
2026-09-23 18:55:01,818 moveclass S3 seed 2 gen 11 best=0.5163 mean=0.3402 distinct=170 hits=22 len=67.2
2026-09-23 18:55:41,215 moveclass S3 seed 2 gen 12 best=0.5163 mean=0.3223 distinct=184 hits=24 len=67.2
2026-09-23 18:56:20,260 moveclass S3 seed 2 gen 13 best=0.5163 mean=0.3292 distinct=198 hits=26 len=67.2
2026-09-23 18:57:01,699 moveclass S3 seed 2 gen 14 best=0.5163 mean=0.3034 distinct=212 hits=28 len=67.2
2026-09-23 18:57:42,577 moveclass S3 seed 2 gen 15 best=0.5163 mean=0.3233 distinct=226 hits=30 len=67.1
2026-09-23 18:58:23,453 moveclass S3 seed 2 gen 16 best=0.5163 mean=0.3435 distinct=240 hits=32 len=67.0
2026-09-23 18:59:03,485 moveclass S3 seed 2 gen 17 best=0.5163 mean=0.3152 distinct=254 hits=34 len=67.0
2026-09-23 18:59:41,640 moveclass S3 seed 2 gen 18 best=0.5265 mean=0.3458 distinct=268 hits=36 len=67.0
2026-09-23 19:00:20,209 moveclass S3 seed 2 gen 19 best=0.5265 mean=0.3383 distinct=282 hits=38 len=67.0
2026-09-23 19:06:45,882 moveclass S3 seed 2 done: best=0.5265 distinct=282 moves=266 measurement folds=138 (382s) ref_match=None
2026-09-23 19:06:46,001 moveclass === S4 seed 2 attempt 1 ===
2026-09-23 19:07:22,829 moveclass S4 seed 2 gen  0 best=0.3353 mean=0.2334 distinct=16 hits=0 len=54.8
2026-09-23 19:08:01,251 moveclass S4 seed 2 gen  1 best=0.3420 mean=0.2659 distinct=30 hits=2 len=59.8
2026-09-23 19:08:37,199 moveclass S4 seed 2 gen  2 best=0.3420 mean=0.2835 distinct=44 hits=4 len=64.1
2026-09-23 19:09:14,493 moveclass S4 seed 2 gen  3 best=0.3643 mean=0.3125 distinct=58 hits=6 len=67.6
2026-09-23 19:09:54,013 moveclass S4 seed 2 gen  4 best=0.3643 mean=0.3015 distinct=72 hits=8 len=67.8
2026-09-23 19:10:34,033 moveclass S4 seed 2 gen  5 best=0.3825 mean=0.3074 distinct=86 hits=10 len=69.0
2026-09-23 19:11:14,528 moveclass S4 seed 2 gen  6 best=0.4016 mean=0.3349 distinct=100 hits=12 len=69.0
2026-09-23 19:11:54,219 moveclass S4 seed 2 gen  7 best=0.4016 mean=0.3369 distinct=114 hits=14 len=69.9
2026-09-23 19:12:37,585 moveclass S4 seed 2 gen  8 best=0.4062 mean=0.3408 distinct=128 hits=16 len=72.1
2026-09-23 19:13:19,810 moveclass S4 seed 2 gen  9 best=0.4392 mean=0.3434 distinct=142 hits=18 len=70.1
2026-09-23 19:13:58,547 moveclass S4 seed 2 gen 10 best=0.4392 mean=0.3385 distinct=156 hits=20 len=71.9
2026-09-23 19:14:36,497 moveclass S4 seed 2 gen 11 best=0.4467 mean=0.3553 distinct=170 hits=22 len=70.1
2026-09-23 19:15:18,253 moveclass S4 seed 2 gen 12 best=0.4467 mean=0.3411 distinct=184 hits=24 len=71.2
2026-09-23 19:16:02,489 moveclass S4 seed 2 gen 13 best=0.4467 mean=0.3393 distinct=198 hits=26 len=73.4
2026-09-23 19:16:50,012 moveclass S4 seed 2 gen 14 best=0.4467 mean=0.3489 distinct=212 hits=28 len=73.4
2026-09-23 19:17:34,238 moveclass S4 seed 2 gen 15 best=0.4467 mean=0.3506 distinct=226 hits=30 len=73.6
2026-09-23 19:18:16,098 moveclass S4 seed 2 gen 16 best=0.4625 mean=0.3538 distinct=240 hits=32 len=70.2
2026-09-23 19:19:03,571 moveclass S4 seed 2 gen 17 best=0.4750 mean=0.3638 distinct=254 hits=34 len=74.1
2026-09-23 19:19:46,180 moveclass S4 seed 2 gen 18 best=0.4750 mean=0.3848 distinct=268 hits=36 len=73.3
2026-09-23 19:20:35,715 moveclass S4 seed 2 gen 19 best=0.4750 mean=0.3969 distinct=282 hits=38 len=75.6
2026-09-23 19:29:40,445 moveclass S4 seed 2 done: best=0.4750 distinct=282 moves=266 measurement folds=183 (540s) ref_match=None
2026-09-23 19:29:40,588 moveclass === B seed 2 attempt 1 ===
2026-09-23 19:30:21,502 moveclass B seed 2 gen  0 best=0.3353 mean=0.2334 distinct=16 hits=0 len=54.8
2026-09-23 19:31:00,986 moveclass B seed 2 gen  1 best=0.3492 mean=0.2817 distinct=30 hits=2 len=66.2
2026-09-23 19:31:43,445 moveclass B seed 2 gen  2 best=0.3947 mean=0.3126 distinct=44 hits=4 len=70.8
2026-09-23 19:32:22,765 moveclass B seed 2 gen  3 best=0.3947 mean=0.3199 distinct=57 hits=7 len=72.0
2026-09-23 19:33:05,776 moveclass B seed 2 gen  4 best=0.4074 mean=0.3355 distinct=71 hits=9 len=72.0
2026-09-23 19:33:48,479 moveclass B seed 2 gen  5 best=0.4074 mean=0.3284 distinct=85 hits=11 len=72.0
2026-09-23 19:34:30,241 moveclass B seed 2 gen  6 best=0.4175 mean=0.3232 distinct=99 hits=13 len=72.0
2026-09-23 19:35:14,418 moveclass B seed 2 gen  7 best=0.4386 mean=0.3638 distinct=113 hits=15 len=72.0
2026-09-23 19:35:58,399 moveclass B seed 2 gen  8 best=0.4386 mean=0.3489 distinct=127 hits=17 len=72.0
2026-09-23 19:36:45,063 moveclass B seed 2 gen  9 best=0.4386 mean=0.3326 distinct=141 hits=19 len=72.0
2026-09-23 19:37:30,056 moveclass B seed 2 gen 10 best=0.4386 mean=0.3588 distinct=155 hits=21 len=72.0
2026-09-23 19:38:13,413 moveclass B seed 2 gen 11 best=0.4821 mean=0.3796 distinct=169 hits=23 len=72.0
2026-09-23 19:38:58,549 moveclass B seed 2 gen 12 best=0.4821 mean=0.3495 distinct=183 hits=25 len=72.0
2026-09-23 19:39:42,501 moveclass B seed 2 gen 13 best=0.4821 mean=0.3473 distinct=197 hits=27 len=72.0
2026-09-23 19:40:27,188 moveclass B seed 2 gen 14 best=0.4821 mean=0.3399 distinct=211 hits=29 len=72.0
2026-09-23 19:41:16,633 moveclass B seed 2 gen 15 best=0.4821 mean=0.3550 distinct=225 hits=31 len=72.0
2026-09-23 19:42:02,943 moveclass B seed 2 gen 16 best=0.5040 mean=0.4026 distinct=239 hits=33 len=72.0
2026-09-23 19:42:51,334 moveclass B seed 2 gen 17 best=0.5040 mean=0.3814 distinct=253 hits=35 len=72.0
2026-09-23 19:43:32,518 moveclass B seed 2 gen 18 best=0.5040 mean=0.3772 distinct=266 hits=38 len=72.0
2026-09-23 19:44:18,337 moveclass B seed 2 gen 19 best=0.5040 mean=0.3723 distinct=280 hits=40 len=72.0
2026-09-23 19:52:47,493 moveclass B seed 2 done: best=0.5040 distinct=280 moves=266 measurement folds=161 (505s) ref_match=True
2026-09-23 19:52:47,497 moveclass finished: all planned runs attempted
