2026-09-19 21:11:36,492 seqcircles plan: [('E', 4)]
Warning: You are sending unauthenticated requests to the HF Hub. Please set a HF_TOKEN to enable higher rate limits and faster downloads.
2026-09-19 21:11:47,058 huggingface_hub.utils._http Warning: You are sending unauthenticated requests to the HF Hub. Please set a HF_TOKEN to enable higher rate limits and faster downloads.
Loading weights:   0%|          | 0/4498 [00:00<?, ?it/s]Loading weights:   0%|          | 5/4498 [00:05<1:24:22,  1.13s/it]Loading weights:   0%|          | 15/4498 [00:05<23:21,  3.20it/s] Loading weights:   0%|          | 15/4498 [00:19<23:21,  3.20it/s]Loading weights:   0%|          | 18/4498 [00:44<4:08:53,  3.33s/it]Loading weights:   7%|▋         | 337/4498 [00:44<06:10, 11.24it/s] Loading weights:  17%|█▋        | 746/4498 [00:44<02:00, 31.13it/s]Loading weights:  33%|███▎      | 1496/4498 [00:44<00:36, 82.80it/s]Loading weights:  50%|█████     | 2266/4498 [00:44<00:14, 157.35it/s]Loading weights:  68%|██████▊   | 3045/4498 [00:44<00:05, 262.59it/s]Loading weights:  84%|████████▍ | 3776/4498 [00:45<00:01, 398.71it/s]Loading weights: 100%|██████████| 4498/4498 [00:45<00:00, 99.62it/s] 
[transformers] [1mEsmForProteinFolding LOAD REPORT[0m from: facebook/esmfold_v1
Key                                | Status  | 
-----------------------------------+---------+-
esm.contact_head.regression.bias   | MISSING | 
esm.contact_head.regression.weight | MISSING | 

Notes:
- MISSING:	those params were newly initialized because missing from the checkpoint. Consider training on your downstream task.
2026-09-19 21:13:00,118 seqcircles === E seed 4 attempt 1 ===
2026-09-19 21:14:47,717 seqcircles E seed 4 gen  0 n=16 best=0.3447 mean=0.2611 distinct=16 hits=0 div=52.2
2026-09-19 21:17:03,434 seqcircles E seed 4 gen  1 n=20 best=0.3777 mean=0.2746 distinct=34 hits=2 div=51.8
2026-09-19 21:19:17,354 seqcircles E seed 4 gen  2 n=20 best=0.3826 mean=0.2852 distinct=52 hits=4 div=48.9
2026-09-19 21:22:11,584 seqcircles E seed 4 gen  3 n=20 best=0.3826 mean=0.2832 distinct=70 hits=6 div=48.7
2026-09-19 21:25:28,593 seqcircles E seed 4 gen  4 n=20 best=0.3826 mean=0.2943 distinct=88 hits=8 div=50.1
2026-09-19 21:28:36,922 seqcircles E seed 4 gen  5 n=20 best=0.3826 mean=0.3035 distinct=106 hits=10 div=48.5
2026-09-19 21:31:49,782 seqcircles E seed 4 gen  6 n=20 best=0.4148 mean=0.3078 distinct=124 hits=12 div=42.6
2026-09-19 21:34:48,359 seqcircles E seed 4 gen  7 n=20 best=0.4148 mean=0.3041 distinct=142 hits=14 div=44.9
2026-09-19 21:37:32,577 seqcircles E seed 4 gen  8 n=20 best=0.4148 mean=0.3077 distinct=160 hits=16 div=41.5
2026-09-19 21:40:42,394 seqcircles E seed 4 gen  9 n=20 best=0.4185 mean=0.3188 distinct=178 hits=18 div=45.3
2026-09-19 21:43:49,212 seqcircles E seed 4 gen 10 n=20 best=0.4185 mean=0.3176 distinct=196 hits=20 div=36.9
2026-09-19 21:47:02,544 seqcircles E seed 4 gen 11 n=20 best=0.4185 mean=0.3000 distinct=214 hits=22 div=33.3
2026-09-19 21:50:26,702 seqcircles E seed 4 gen 12 n=20 best=0.4231 mean=0.3196 distinct=232 hits=24 div=34.9
2026-09-19 21:53:33,484 seqcircles E seed 4 gen 13 n=20 best=0.4486 mean=0.3275 distinct=250 hits=26 div=32.1
2026-09-19 21:56:39,853 seqcircles E seed 4 gen 14 n=20 best=0.4486 mean=0.3168 distinct=268 hits=28 div=31.2
2026-09-19 22:00:04,647 seqcircles E seed 4 gen 15 n=20 best=0.4486 mean=0.3098 distinct=286 hits=30 div=43.2
2026-09-19 22:03:15,140 seqcircles E seed 4 gen 16 n=20 best=0.4486 mean=0.3169 distinct=304 hits=32 div=40.2
2026-09-19 22:06:42,953 seqcircles E seed 4 gen 17 n=20 best=0.4486 mean=0.3164 distinct=322 hits=34 div=37.1
2026-09-19 22:10:09,415 seqcircles E seed 4 gen 18 n=20 best=0.4486 mean=0.2996 distinct=340 hits=36 div=40.8
2026-09-19 22:11:11,532 seqcircles E seed 4 gen 19 n=20 best=0.4486 mean=0.3178 distinct=358 hits=38 div=34.9
2026-09-19 22:11:11,537 seqcircles finished: all planned runs attempted
